// Jest Snapshot v1, https://goo.gl/fbAQLP

exports[`Get player stat Should get player stat 1`] = `
Array [
  Object {
    "name": "Time Played",
    "value": "16:25:18",
  },
  Object {
    "name": "Games Lost",
    "value": "43",
  },
  Object {
    "name": "Games Won",
    "value": "45",
  },
  Object {
    "name": "Games Played",
    "value": "89",
  },
]
`;
